{
  "version": "1.5.0",
  "plugins_used": [
    {
      "name": "Base64HighEntropyString",
      "limit": 4.5
    },
    {
      "name": "BasicAuthDetector"
    },
    {
      "name": "HexHighEntropyString",
      "limit": 3.0
    },
    {
      "name": "KeywordDetector",
      "keyword_exclude": ""
    },
    {
      "name": "PrivateKeyDetector"
    }
  ],
  "filters_used": [
    {
      "path": "detect_secrets.filters.allowlist.is_line_allowlisted"
    },
    {
      "path": "detect_secrets.filters.common.is_baseline_file",
      "filename": ".secrets.baseline"
    },
    {
      "path": "detect_secrets.filters.common.is_ignored_due_to_verification_policies",
      "min_level": 2
    },
    {
      "path": "detect_secrets.filters.heuristic.is_indirect_reference"
    },
    {
      "path": "detect_secrets.filters.heuristic.is_likely_id_string"
    },
    {
      "path": "detect_secrets.filters.heuristic.is_lock_file"
    },
    {
      "path": "detect_secrets.filters.heuristic.is_not_alphanumeric_string"
    },
    {
      "path": "detect_secrets.filters.heuristic.is_potential_uuid"
    },
    {
      "path": "detect_secrets.filters.heuristic.is_prefixed_with_dollar_sign"
    },
    {
      "path": "detect_secrets.filters.heuristic.is_sequential_string"
    },
    {
      "path": "detect_secrets.filters.heuristic.is_swagger_file"
    },
    {
      "path": "detect_secrets.filters.heuristic.is_templated_secret"
    },
    {
      "path": "detect_secrets.filters.regex.should_exclude_file",
      "pattern": [
        "graphify-out/.*|sessions/.*|external/.*|modules_ext/.*|parquets/.*|env/.*|__pycache__/.*|\\.git/.*|node_modules/.*"
      ]
    }
  ],
  "results": {
    "COMMANDS.md": [
      {
        "type": "Secret Keyword",
        "filename": "COMMANDS.md",
        "hashed_secret": "9d4e1e23bd5b727046a9e3b4b7db57bd8d6ee684",
        "is_verified": false,
        "line_number": 1353
      },
      {
        "type": "Secret Keyword",
        "filename": "COMMANDS.md",
        "hashed_secret": "89a6cfe2a229151e8055abee107d45ed087bbb4f",
        "is_verified": false,
        "line_number": 1394
      }
    ],
    "KNOWLEDGE_BASE.md": [
      {
        "type": "Base64 High Entropy String",
        "filename": "KNOWLEDGE_BASE.md",
        "hashed_secret": "6b591268516c9544f535983a84622e83abb84c11",
        "is_verified": false,
        "line_number": 64560
      },
      {
        "type": "Secret Keyword",
        "filename": "KNOWLEDGE_BASE.md",
        "hashed_secret": "262d8e9b8ac5f06e7612dfb608f7267f88679801",
        "is_verified": false,
        "line_number": 77197
      },
      {
        "type": "Secret Keyword",
        "filename": "KNOWLEDGE_BASE.md",
        "hashed_secret": "65fe79203b4449b4d83573fc78b0dcac19f3f38f",
        "is_verified": false,
        "line_number": 91637
      },
      {
        "type": "Secret Keyword",
        "filename": "KNOWLEDGE_BASE.md",
        "hashed_secret": "8318df9ecda039deac9868adf1944a29a95c7114",
        "is_verified": false,
        "line_number": 97945
      },
      {
        "type": "Secret Keyword",
        "filename": "KNOWLEDGE_BASE.md",
        "hashed_secret": "a9ee6d2c8fc33da1dd25e48f4966d0c6aa2e63f4",
        "is_verified": false,
        "line_number": 97950
      },
      {
        "type": "Private Key",
        "filename": "KNOWLEDGE_BASE.md",
        "hashed_secret": "be4fc4886bd949b369d5e092eb87494f12e57e5b",
        "is_verified": false,
        "line_number": 100424
      },
      {
        "type": "Hex High Entropy String",
        "filename": "KNOWLEDGE_BASE.md",
        "hashed_secret": "af35459bccced7d200168e83acea222ab986eacf",
        "is_verified": false,
        "line_number": 110835
      },
      {
        "type": "Secret Keyword",
        "filename": "KNOWLEDGE_BASE.md",
        "hashed_secret": "e579c4fea528a36862a0a5352587a30d58da532f",
        "is_verified": false,
        "line_number": 110838
      },
      {
        "type": "Secret Keyword",
        "filename": "KNOWLEDGE_BASE.md",
        "hashed_secret": "e5e9fa1ba31ecd1ae84f75caaa474f3a663f05f4",
        "is_verified": false,
        "line_number": 112736
      },
      {
        "type": "Secret Keyword",
        "filename": "KNOWLEDGE_BASE.md",
        "hashed_secret": "9d4e1e23bd5b727046a9e3b4b7db57bd8d6ee684",
        "is_verified": false,
        "line_number": 156807
      },
      {
        "type": "Secret Keyword",
        "filename": "KNOWLEDGE_BASE.md",
        "hashed_secret": "89a6cfe2a229151e8055abee107d45ed087bbb4f",
        "is_verified": false,
        "line_number": 156846
      },
      {
        "type": "Secret Keyword",
        "filename": "KNOWLEDGE_BASE.md",
        "hashed_secret": "88daefba2be7389bb13311a9c05827965ae87230",
        "is_verified": false,
        "line_number": 171943
      },
      {
        "type": "Secret Keyword",
        "filename": "KNOWLEDGE_BASE.md",
        "hashed_secret": "66b9e5aef98ced908e577140bccee56bcf4d29b9",
        "is_verified": false,
        "line_number": 183439
      },
      {
        "type": "Basic Auth Credentials",
        "filename": "KNOWLEDGE_BASE.md",
        "hashed_secret": "86efd7a4b462b1f97dc94b27c2860dc1bcbde38d",
        "is_verified": false,
        "line_number": 183452
      },
      {
        "type": "Basic Auth Credentials",
        "filename": "KNOWLEDGE_BASE.md",
        "hashed_secret": "5baa61e4c9b93f3f0682250b6cf8331b7ee68fd8",
        "is_verified": false,
        "line_number": 202079
      }
    ],
    "cli/command_index.json": [
      {
        "type": "Hex High Entropy String",
        "filename": "cli/command_index.json",
        "hashed_secret": "f02e6369bad5a1b6734224b9dd731e71e451a593",
        "is_verified": false,
        "line_number": 17
      },
      {
        "type": "Hex High Entropy String",
        "filename": "cli/command_index.json",
        "hashed_secret": "7a8fb7af8a11e825c275c8cd4a97c1c25caab779",
        "is_verified": false,
        "line_number": 18
      },
      {
        "type": "Hex High Entropy String",
        "filename": "cli/command_index.json",
        "hashed_secret": "c421ed4f21ef111400f7ced720e6a7bf2c5aee14",
        "is_verified": false,
        "line_number": 19
      },
      {
        "type": "Hex High Entropy String",
        "filename": "cli/command_index.json",
        "hashed_secret": "8a2f8246fc5af929efe6ee4c0c7218ab3f8709ed",
        "is_verified": false,
        "line_number": 20
      },
      {
        "type": "Hex High Entropy String",
        "filename": "cli/command_index.json",
        "hashed_secret": "8545454bff516f7517b49987e5ac6b822abc1f07",
        "is_verified": false,
        "line_number": 21
      },
      {
        "type": "Hex High Entropy String",
        "filename": "cli/command_index.json",
        "hashed_secret": "824341aa59a90cc30f77132b0e6ae49bc55c5d34",
        "is_verified": false,
        "line_number": 22
      },
      {
        "type": "Hex High Entropy String",
        "filename": "cli/command_index.json",
        "hashed_secret": "4e111512a56f9388dd09fbd3e61b749a6a1190d2",
        "is_verified": false,
        "line_number": 23
      },
      {
        "type": "Hex High Entropy String",
        "filename": "cli/command_index.json",
        "hashed_secret": "982a1a08037c9ec3edde6dd087f5912155adb892",
        "is_verified": false,
        "line_number": 24
      },
      {
        "type": "Hex High Entropy String",
        "filename": "cli/command_index.json",
        "hashed_secret": "a10e915a49087c90972b8b7d491349c041b450e4",
        "is_verified": false,
        "line_number": 25
      },
      {
        "type": "Hex High Entropy String",
        "filename": "cli/command_index.json",
        "hashed_secret": "463274a58ac7ff792f020ecd8fcfce28c4eb3355",
        "is_verified": false,
        "line_number": 26
      },
      {
        "type": "Hex High Entropy String",
        "filename": "cli/command_index.json",
        "hashed_secret": "a7c8cdb53d215826e3f144b031e89c6bb893b89d",
        "is_verified": false,
        "line_number": 27
      }
    ],
    "cli/commands/ai.py": [
      {
        "type": "Secret Keyword",
        "filename": "cli/commands/ai.py",
        "hashed_secret": "665b1e3851eefefa3fb878654292f16597d25155",
        "is_verified": false,
        "line_number": 40
      },
      {
        "type": "Secret Keyword",
        "filename": "cli/commands/ai.py",
        "hashed_secret": "1a37d41260f96724ee881be5e261b4d043f0626b",
        "is_verified": false,
        "line_number": 52
      }
    ],
    "cli/commands/exfiltration.py": [
      {
        "type": "Hex High Entropy String",
        "filename": "cli/commands/exfiltration.py",
        "hashed_secret": "8668c2bbe18a4140df4c653144a20d0c300bc8f0",
        "is_verified": false,
        "line_number": 80
      }
    ],
    "cli/commands/exploit_migrated.py": [
      {
        "type": "Hex High Entropy String",
        "filename": "cli/commands/exploit_migrated.py",
        "hashed_secret": "fa0ad19ab7dfa9e1fbb745287841e5a96ab054b6",
        "is_verified": false,
        "line_number": 2240
      }
    ],
    "cli/commands/lateral_migrated.py": [
      {
        "type": "Secret Keyword",
        "filename": "cli/commands/lateral_migrated.py",
        "hashed_secret": "de68807155748e1f6e1b808a2154a3fc5d04206b",
        "is_verified": false,
        "line_number": 1253
      }
    ],
    "cli/commands/persist_migrated.py": [
      {
        "type": "Secret Keyword",
        "filename": "cli/commands/persist_migrated.py",
        "hashed_secret": "9607e31e5abc4471c60d29d8ee921466a1b353d1",
        "is_verified": false,
        "line_number": 232
      },
      {
        "type": "Secret Keyword",
        "filename": "cli/commands/persist_migrated.py",
        "hashed_secret": "de68807155748e1f6e1b808a2154a3fc5d04206b",
        "is_verified": false,
        "line_number": 1313
      }
    ],
    "cli/commands/postexp_migrated.py": [
      {
        "type": "Secret Keyword",
        "filename": "cli/commands/postexp_migrated.py",
        "hashed_secret": "de68807155748e1f6e1b808a2154a3fc5d04206b",
        "is_verified": false,
        "line_number": 1479
      }
    ],
    "cli/ops_commands.py": [
      {
        "type": "Secret Keyword",
        "filename": "cli/ops_commands.py",
        "hashed_secret": "030db732a06dd122e018a1df59bbd0729894436d",
        "is_verified": false,
        "line_number": 856
      },
      {
        "type": "Secret Keyword",
        "filename": "cli/ops_commands.py",
        "hashed_secret": "44a9cb36a223ab452bc793d1cc532fff671c2650",
        "is_verified": false,
        "line_number": 859
      }
    ],
    "core/payload_schema.py": [
      {
        "type": "Hex High Entropy String",
        "filename": "core/payload_schema.py",
        "hashed_secret": "894950bd0e174d496a6d8808904e2ba0ab320769",
        "is_verified": false,
        "line_number": 602
      },
      {
        "type": "Hex High Entropy String",
        "filename": "core/payload_schema.py",
        "hashed_secret": "018d2d6ddee73cccdb2aa5ccd17337322b58b553",
        "is_verified": false,
        "line_number": 625
      }
    ],
    "deploy/k8s/lazyown-c2.yaml": [
      {
        "type": "Secret Keyword",
        "filename": "deploy/k8s/lazyown-c2.yaml",
        "hashed_secret": "2be88ca4242c76e8253ac62474851065032d6833",
        "is_verified": false,
        "line_number": 30
      }
    ],
    "docs/COMMANDS.html": [
      {
        "type": "Secret Keyword",
        "filename": "docs/COMMANDS.html",
        "hashed_secret": "9d4e1e23bd5b727046a9e3b4b7db57bd8d6ee684",
        "is_verified": false,
        "line_number": 1245
      },
      {
        "type": "Secret Keyword",
        "filename": "docs/COMMANDS.html",
        "hashed_secret": "89a6cfe2a229151e8055abee107d45ed087bbb4f",
        "is_verified": false,
        "line_number": 1291
      }
    ],
    "docs/LAZYOWN.html": [
      {
        "type": "Secret Keyword",
        "filename": "docs/LAZYOWN.html",
        "hashed_secret": "9d4e1e23bd5b727046a9e3b4b7db57bd8d6ee684",
        "is_verified": false,
        "line_number": 595
      },
      {
        "type": "Secret Keyword",
        "filename": "docs/LAZYOWN.html",
        "hashed_secret": "89a6cfe2a229151e8055abee107d45ed087bbb4f",
        "is_verified": false,
        "line_number": 641
      }
    ],
    "docs/README.html": [
      {
        "type": "Secret Keyword",
        "filename": "docs/README.html",
        "hashed_secret": "9d4e1e23bd5b727046a9e3b4b7db57bd8d6ee684",
        "is_verified": false,
        "line_number": 5233
      },
      {
        "type": "Secret Keyword",
        "filename": "docs/README.html",
        "hashed_secret": "89a6cfe2a229151e8055abee107d45ed087bbb4f",
        "is_verified": false,
        "line_number": 5279
      }
    ],
    "docs/SECURITY_PLAN.md": [
      {
        "type": "Secret Keyword",
        "filename": "docs/SECURITY_PLAN.md",
        "hashed_secret": "a36b548ddb00eab12727951e04993100f3bf0b70",
        "is_verified": false,
        "line_number": 37
      }
    ],
    "lazyc2.py": [
      {
        "type": "Secret Keyword",
        "filename": "lazyc2.py",
        "hashed_secret": "7c6b938a32b851c1c7a2150b4e06e3c2185449e3",
        "is_verified": false,
        "line_number": 126
      },
      {
        "type": "Secret Keyword",
        "filename": "lazyc2.py",
        "hashed_secret": "00a05809326d4f54447bb3d4b27175572c217f9b",
        "is_verified": false,
        "line_number": 2646
      },
      {
        "type": "Secret Keyword",
        "filename": "lazyc2.py",
        "hashed_secret": "a36b548ddb00eab12727951e04993100f3bf0b70",
        "is_verified": false,
        "line_number": 3872
      }
    ],
    "lazyown.py": [
      {
        "type": "Hex High Entropy String",
        "filename": "lazyown.py",
        "hashed_secret": "894950bd0e174d496a6d8808904e2ba0ab320769",
        "is_verified": false,
        "line_number": 399
      },
      {
        "type": "Secret Keyword",
        "filename": "lazyown.py",
        "hashed_secret": "be2dd7fb7a6d0f8ba5add12b5e8fb75bbda64721",
        "is_verified": false,
        "line_number": 407
      },
      {
        "type": "Secret Keyword",
        "filename": "lazyown.py",
        "hashed_secret": "9d4e1e23bd5b727046a9e3b4b7db57bd8d6ee684",
        "is_verified": false,
        "line_number": 3971
      },
      {
        "type": "Secret Keyword",
        "filename": "lazyown.py",
        "hashed_secret": "89a6cfe2a229151e8055abee107d45ed087bbb4f",
        "is_verified": false,
        "line_number": 4029
      },
      {
        "type": "Secret Keyword",
        "filename": "lazyown.py",
        "hashed_secret": "9607e31e5abc4471c60d29d8ee921466a1b353d1",
        "is_verified": false,
        "line_number": 8875
      },
      {
        "type": "Basic Auth Credentials",
        "filename": "lazyown.py",
        "hashed_secret": "e5be829e3ab11a19d44f1e9db1d13374e78877a2",
        "is_verified": false,
        "line_number": 17609
      },
      {
        "type": "Hex High Entropy String",
        "filename": "lazyown.py",
        "hashed_secret": "fa0ad19ab7dfa9e1fbb745287841e5a96ab054b6",
        "is_verified": false,
        "line_number": 19709
      },
      {
        "type": "Secret Keyword",
        "filename": "lazyown.py",
        "hashed_secret": "de68807155748e1f6e1b808a2154a3fc5d04206b",
        "is_verified": false,
        "line_number": 22075
      }
    ],
    "modules/XssPayloads.txt": [
      {
        "type": "Base64 High Entropy String",
        "filename": "modules/XssPayloads.txt",
        "hashed_secret": "64930e452070238b20f106c475f99809e5b8ca42",
        "is_verified": false,
        "line_number": 99
      }
    ],
    "modules/ai_fallback.py": [
      {
        "type": "Secret Keyword",
        "filename": "modules/ai_fallback.py",
        "hashed_secret": "709cb3397618155abdb90666b163355546be6a47",
        "is_verified": false,
        "line_number": 63
      }
    ],
    "modules/gui.py": [
      {
        "type": "Secret Keyword",
        "filename": "modules/gui.py",
        "hashed_secret": "de68807155748e1f6e1b808a2154a3fc5d04206b",
        "is_verified": false,
        "line_number": 20
      }
    ],
    "modules/json_data.json": [
      {
        "type": "Secret Keyword",
        "filename": "modules/json_data.json",
        "hashed_secret": "44cdfc3615970ada14420caaaa5c5745fca06002",
        "is_verified": false,
        "line_number": 3
      }
    ],
    "modules/jwtexploit.py": [
      {
        "type": "Hex High Entropy String",
        "filename": "modules/jwtexploit.py",
        "hashed_secret": "42724f22b895bcff630d508383650e3993eb4a86",
        "is_verified": false,
        "line_number": 17
      }
    ],
    "modules/lazycam4.py": [
      {
        "type": "Base64 High Entropy String",
        "filename": "modules/lazycam4.py",
        "hashed_secret": "dd5cc231cda4f5eab83b5aad49bfbb0bea63b13c",
        "is_verified": false,
        "line_number": 40
      }
    ],
    "modules/lazycreate_webshell.py": [
      {
        "type": "Base64 High Entropy String",
        "filename": "modules/lazycreate_webshell.py",
        "hashed_secret": "9ddbaa8d76234bfd328c10c92ec1a115adb64b90",
        "is_verified": false,
        "line_number": 9
      }
    ],
    "modules/lazyhttpreverseshell.py": [
      {
        "type": "Base64 High Entropy String",
        "filename": "modules/lazyhttpreverseshell.py",
        "hashed_secret": "ab9ba145d34c2ab2fc89e9b55d10fa3cf2b412a0",
        "is_verified": false,
        "line_number": 11
      }
    ],
    "modules/lazylogpoisoning.py": [
      {
        "type": "Base64 High Entropy String",
        "filename": "modules/lazylogpoisoning.py",
        "hashed_secret": "02501ef8656edb15eb5f02f8e2e27932407f09af",
        "is_verified": false,
        "line_number": 66
      },
      {
        "type": "Base64 High Entropy String",
        "filename": "modules/lazylogpoisoning.py",
        "hashed_secret": "52ff88adac20106eab9026b385d5ca469fc08331",
        "is_verified": false,
        "line_number": 71
      },
      {
        "type": "Base64 High Entropy String",
        "filename": "modules/lazylogpoisoning.py",
        "hashed_secret": "190e020e9fc83605dca659f2eae476d9ffbd6b2c",
        "is_verified": false,
        "line_number": 72
      },
      {
        "type": "Base64 High Entropy String",
        "filename": "modules/lazylogpoisoning.py",
        "hashed_secret": "4cf5c6762c579eab5c5f82218fc29a6a212eba26",
        "is_verified": false,
        "line_number": 73
      },
      {
        "type": "Base64 High Entropy String",
        "filename": "modules/lazylogpoisoning.py",
        "hashed_secret": "026d1f300fcaa37e5539a85dbd1ae5588205e686",
        "is_verified": false,
        "line_number": 74
      },
      {
        "type": "Base64 High Entropy String",
        "filename": "modules/lazylogpoisoning.py",
        "hashed_secret": "3e5a3b59ec671ec4fee7b20e4ed8d9c01927b89d",
        "is_verified": false,
        "line_number": 75
      },
      {
        "type": "Base64 High Entropy String",
        "filename": "modules/lazylogpoisoning.py",
        "hashed_secret": "c1771bc22a167b583dbb92f0fa433afc0f3ddd53",
        "is_verified": false,
        "line_number": 76
      },
      {
        "type": "Base64 High Entropy String",
        "filename": "modules/lazylogpoisoning.py",
        "hashed_secret": "ba47316f6787742b05e2488ca40b12779d53ba68",
        "is_verified": false,
        "line_number": 77
      },
      {
        "type": "Base64 High Entropy String",
        "filename": "modules/lazylogpoisoning.py",
        "hashed_secret": "ec36847f97fd2639458617a5f73ddfe80c747209",
        "is_verified": false,
        "line_number": 78
      },
      {
        "type": "Base64 High Entropy String",
        "filename": "modules/lazylogpoisoning.py",
        "hashed_secret": "dd36cba8273eb120e9a43a4bdc3a02102dc9c5e5",
        "is_verified": false,
        "line_number": 79
      },
      {
        "type": "Base64 High Entropy String",
        "filename": "modules/lazylogpoisoning.py",
        "hashed_secret": "9268c2db1772d371ff58e8d34b64ac04cf09802d",
        "is_verified": false,
        "line_number": 80
      },
      {
        "type": "Base64 High Entropy String",
        "filename": "modules/lazylogpoisoning.py",
        "hashed_secret": "60272b6b952bad62e8198023293d62191d16ca53",
        "is_verified": false,
        "line_number": 83
      },
      {
        "type": "Base64 High Entropy String",
        "filename": "modules/lazylogpoisoning.py",
        "hashed_secret": "ac79bb03f1766b5baaa4715a49d0744187f5a4fb",
        "is_verified": false,
        "line_number": 84
      },
      {
        "type": "Base64 High Entropy String",
        "filename": "modules/lazylogpoisoning.py",
        "hashed_secret": "69dee53c304a58c81e15bfe567df1732b1a05fda",
        "is_verified": false,
        "line_number": 85
      },
      {
        "type": "Base64 High Entropy String",
        "filename": "modules/lazylogpoisoning.py",
        "hashed_secret": "3151efea4c1f6ad6b3c7c070ce60b294f4094cc9",
        "is_verified": false,
        "line_number": 86
      },
      {
        "type": "Base64 High Entropy String",
        "filename": "modules/lazylogpoisoning.py",
        "hashed_secret": "68b6c666ff698883f0ab62e5c1bc35d7e7487a17",
        "is_verified": false,
        "line_number": 87
      },
      {
        "type": "Base64 High Entropy String",
        "filename": "modules/lazylogpoisoning.py",
        "hashed_secret": "dd3a0a6317b1777abd957cbfc9091af00d2a1c24",
        "is_verified": false,
        "line_number": 89
      },
      {
        "type": "Base64 High Entropy String",
        "filename": "modules/lazylogpoisoning.py",
        "hashed_secret": "0e60d501a63384dfd812dfea7061d677148b1e16",
        "is_verified": false,
        "line_number": 91
      },
      {
        "type": "Base64 High Entropy String",
        "filename": "modules/lazylogpoisoning.py",
        "hashed_secret": "eb22a5c9d616636aae56db9a28247d13988adae4",
        "is_verified": false,
        "line_number": 92
      },
      {
        "type": "Base64 High Entropy String",
        "filename": "modules/lazylogpoisoning.py",
        "hashed_secret": "9fd59a537021c0b3b794a3bc734ed0d5351438af",
        "is_verified": false,
        "line_number": 93
      },
      {
        "type": "Base64 High Entropy String",
        "filename": "modules/lazylogpoisoning.py",
        "hashed_secret": "fd88462c06985da335d92c90dcfe3e7d923f10bb",
        "is_verified": false,
        "line_number": 94
      },
      {
        "type": "Base64 High Entropy String",
        "filename": "modules/lazylogpoisoning.py",
        "hashed_secret": "52dab22d77a4824d080f46bafd0704d5124f88c8",
        "is_verified": false,
        "line_number": 95
      },
      {
        "type": "Base64 High Entropy String",
        "filename": "modules/lazylogpoisoning.py",
        "hashed_secret": "e59cf737d4b1fef7ece9132b906d14b6a947bed7",
        "is_verified": false,
        "line_number": 96
      },
      {
        "type": "Base64 High Entropy String",
        "filename": "modules/lazylogpoisoning.py",
        "hashed_secret": "91068bb9c9541e46964d8a096f464d0818f9b22d",
        "is_verified": false,
        "line_number": 97
      },
      {
        "type": "Base64 High Entropy String",
        "filename": "modules/lazylogpoisoning.py",
        "hashed_secret": "be2ef72628cad382423f6cdced2774e5c1d7b237",
        "is_verified": false,
        "line_number": 98
      },
      {
        "type": "Base64 High Entropy String",
        "filename": "modules/lazylogpoisoning.py",
        "hashed_secret": "5bb6b3522e37e100aec278ce53df608fa11c98e0",
        "is_verified": false,
        "line_number": 100
      },
      {
        "type": "Base64 High Entropy String",
        "filename": "modules/lazylogpoisoning.py",
        "hashed_secret": "589037a33a54e8983a2dc4c222f2fd8a5111290f",
        "is_verified": false,
        "line_number": 101
      },
      {
        "type": "Base64 High Entropy String",
        "filename": "modules/lazylogpoisoning.py",
        "hashed_secret": "d809663f64979d9011dd7a74a119aabbc63ad64e",
        "is_verified": false,
        "line_number": 103
      },
      {
        "type": "Base64 High Entropy String",
        "filename": "modules/lazylogpoisoning.py",
        "hashed_secret": "1e87b10d73267fe2d5a8ec6c6e52d4829b8e797a",
        "is_verified": false,
        "line_number": 104
      },
      {
        "type": "Base64 High Entropy String",
        "filename": "modules/lazylogpoisoning.py",
        "hashed_secret": "85326a660c7b7c0139bd2a88230c9b4009f9717e",
        "is_verified": false,
        "line_number": 106
      },
      {
        "type": "Base64 High Entropy String",
        "filename": "modules/lazylogpoisoning.py",
        "hashed_secret": "e4338a90ea679005cdc896b04e48f7fa5ab95bcc",
        "is_verified": false,
        "line_number": 109
      },
      {
        "type": "Base64 High Entropy String",
        "filename": "modules/lazylogpoisoning.py",
        "hashed_secret": "dc4e17ae1020f6f73e9f0202dc6fa5bb76454e83",
        "is_verified": false,
        "line_number": 110
      },
      {
        "type": "Base64 High Entropy String",
        "filename": "modules/lazylogpoisoning.py",
        "hashed_secret": "7df2455778bee30783535c51d1c8da097e03776f",
        "is_verified": false,
        "line_number": 111
      },
      {
        "type": "Base64 High Entropy String",
        "filename": "modules/lazylogpoisoning.py",
        "hashed_secret": "5045c0458578fa46df5311fd82349c3db31aef15",
        "is_verified": false,
        "line_number": 112
      },
      {
        "type": "Base64 High Entropy String",
        "filename": "modules/lazylogpoisoning.py",
        "hashed_secret": "187bedd010e49de8b1225ab70a556c500b8974b4",
        "is_verified": false,
        "line_number": 114
      },
      {
        "type": "Base64 High Entropy String",
        "filename": "modules/lazylogpoisoning.py",
        "hashed_secret": "a34f24e89506c7874bf5538cbb382e04120811cb",
        "is_verified": false,
        "line_number": 115
      },
      {
        "type": "Base64 High Entropy String",
        "filename": "modules/lazylogpoisoning.py",
        "hashed_secret": "5869b4f0167cd0bb152d1e0235288a5004324dff",
        "is_verified": false,
        "line_number": 116
      },
      {
        "type": "Base64 High Entropy String",
        "filename": "modules/lazylogpoisoning.py",
        "hashed_secret": "8505bc80bdef9d1acadeb13ae15d1bdde0a22ca1",
        "is_verified": false,
        "line_number": 118
      },
      {
        "type": "Base64 High Entropy String",
        "filename": "modules/lazylogpoisoning.py",
        "hashed_secret": "488820c8425274d4526fbe56a6cb8001c113a389",
        "is_verified": false,
        "line_number": 119
      },
      {
        "type": "Base64 High Entropy String",
        "filename": "modules/lazylogpoisoning.py",
        "hashed_secret": "943f6bb1946b5bfa31fda5aac326516bf87db929",
        "is_verified": false,
        "line_number": 120
      },
      {
        "type": "Base64 High Entropy String",
        "filename": "modules/lazylogpoisoning.py",
        "hashed_secret": "1f71bc062a03ac22148a2583dd3fb3bc93d2ab43",
        "is_verified": false,
        "line_number": 121
      },
      {
        "type": "Base64 High Entropy String",
        "filename": "modules/lazylogpoisoning.py",
        "hashed_secret": "87f5bd44d1027fea2c70fe6376190e4bbb7551e0",
        "is_verified": false,
        "line_number": 122
      },
      {
        "type": "Base64 High Entropy String",
        "filename": "modules/lazylogpoisoning.py",
        "hashed_secret": "e7a271ba06f318ad5af9485a077fbf20bf0b8505",
        "is_verified": false,
        "line_number": 123
      },
      {
        "type": "Base64 High Entropy String",
        "filename": "modules/lazylogpoisoning.py",
        "hashed_secret": "1af891773a2922bb078044158ba1f7cbb758ff8f",
        "is_verified": false,
        "line_number": 124
      },
      {
        "type": "Base64 High Entropy String",
        "filename": "modules/lazylogpoisoning.py",
        "hashed_secret": "321c6b9fafda021349fc672f80b4871338fb29ed",
        "is_verified": false,
        "line_number": 125
      },
      {
        "type": "Base64 High Entropy String",
        "filename": "modules/lazylogpoisoning.py",
        "hashed_secret": "d0aecc027447d6631a9b3c41b54534e3d1b2c775",
        "is_verified": false,
        "line_number": 126
      },
      {
        "type": "Base64 High Entropy String",
        "filename": "modules/lazylogpoisoning.py",
        "hashed_secret": "9715f04f11a718682e1cc25c83a4cbbc49ed4c9e",
        "is_verified": false,
        "line_number": 127
      },
      {
        "type": "Base64 High Entropy String",
        "filename": "modules/lazylogpoisoning.py",
        "hashed_secret": "42a4ede0e3eb716b73fbea9d22048fb8fdd1b454",
        "is_verified": false,
        "line_number": 128
      },
      {
        "type": "Base64 High Entropy String",
        "filename": "modules/lazylogpoisoning.py",
        "hashed_secret": "4ebc56c09753e35d35cdc8aefe4dfc3fe9493dcb",
        "is_verified": false,
        "line_number": 129
      },
      {
        "type": "Base64 High Entropy String",
        "filename": "modules/lazylogpoisoning.py",
        "hashed_secret": "7553887179d8fbffb0540980940dde74991fce47",
        "is_verified": false,
        "line_number": 130
      }
    ],
    "modules/lazyreversentlmv2.py": [
      {
        "type": "Base64 High Entropy String",
        "filename": "modules/lazyreversentlmv2.py",
        "hashed_secret": "0c094a618c135e77ff31efaec7f6a49ce81ec875",
        "is_verified": false,
        "line_number": 82
      }
    ],
    "modules/lazyseo.py": [
      {
        "type": "Secret Keyword",
        "filename": "modules/lazyseo.py",
        "hashed_secret": "b6f94d2c1a3c8fbee5773ead316a53789ad81f06",
        "is_verified": false,
        "line_number": 192
      }
    ],
    "modules/llm_factory.py": [
      {
        "type": "Secret Keyword",
        "filename": "modules/llm_factory.py",
        "hashed_secret": "665b1e3851eefefa3fb878654292f16597d25155",
        "is_verified": false,
        "line_number": 61
      },
      {
        "type": "Secret Keyword",
        "filename": "modules/llm_factory.py",
        "hashed_secret": "1a37d41260f96724ee881be5e261b4d043f0626b",
        "is_verified": false,
        "line_number": 69
      }
    ],
    "modules/routes": [
      {
        "type": "Secret Keyword",
        "filename": "modules/routes",
        "hashed_secret": "5baa61e4c9b93f3f0682250b6cf8331b7ee68fd8",
        "is_verified": false,
        "line_number": 60
      }
    ],
    "modules/test_lazyencoder_decoder.py": [
      {
        "type": "Base64 High Entropy String",
        "filename": "modules/test_lazyencoder_decoder.py",
        "hashed_secret": "0c094a618c135e77ff31efaec7f6a49ce81ec875",
        "is_verified": false,
        "line_number": 35
      }
    ],
    "payload.example.json": [
      {
        "type": "Secret Keyword",
        "filename": "payload.example.json",
        "hashed_secret": "d2aed6fe1b9fb7f48da133fbae832118dc50d36f",
        "is_verified": false,
        "line_number": 3
      },
      {
        "type": "Secret Keyword",
        "filename": "payload.example.json",
        "hashed_secret": "7205a0abf00d1daec13c63ece029057c974795a9",
        "is_verified": false,
        "line_number": 53
      }
    ],
    "payloads/default_engagement.json": [
      {
        "type": "Secret Keyword",
        "filename": "payloads/default_engagement.json",
        "hashed_secret": "7205a0abf00d1daec13c63ece029057c974795a9",
        "is_verified": false,
        "line_number": 63
      }
    ],
    "playbooks/ExamplePlaybook.yaml": [
      {
        "type": "Base64 High Entropy String",
        "filename": "playbooks/ExamplePlaybook.yaml",
        "hashed_secret": "905646649aa541d57c2f74b34c74de17cdbbd789",
        "is_verified": false,
        "line_number": 1488
      },
      {
        "type": "Base64 High Entropy String",
        "filename": "playbooks/ExamplePlaybook.yaml",
        "hashed_secret": "3ec4330e21d1c9a3162f6eed48b3288319455709",
        "is_verified": false,
        "line_number": 1574
      },
      {
        "type": "Secret Keyword",
        "filename": "playbooks/ExamplePlaybook.yaml",
        "hashed_secret": "85c7e9635a8c396b93cabcb8f814ed11dcb9f024",
        "is_verified": false,
        "line_number": 2555
      },
      {
        "type": "Base64 High Entropy String",
        "filename": "playbooks/ExamplePlaybook.yaml",
        "hashed_secret": "7bcfb0411de78f2f217a0674582bf7144204a066",
        "is_verified": false,
        "line_number": 4045
      },
      {
        "type": "Base64 High Entropy String",
        "filename": "playbooks/ExamplePlaybook.yaml",
        "hashed_secret": "c73c417c83759521551e85ef1f8df952c158d7fe",
        "is_verified": false,
        "line_number": 4935
      },
      {
        "type": "Base64 High Entropy String",
        "filename": "playbooks/ExamplePlaybook.yaml",
        "hashed_secret": "757e454da9c0fa888925b1ec6353447d6e93b6b4",
        "is_verified": false,
        "line_number": 5987
      },
      {
        "type": "Base64 High Entropy String",
        "filename": "playbooks/ExamplePlaybook.yaml",
        "hashed_secret": "b6b1a1b2c1cfbc77b8f323f546594d6d2851bd4a",
        "is_verified": false,
        "line_number": 6053
      },
      {
        "type": "Base64 High Entropy String",
        "filename": "playbooks/ExamplePlaybook.yaml",
        "hashed_secret": "c061a63b857c07abddf858244155885d9260e017",
        "is_verified": false,
        "line_number": 6119
      }
    ],
    "skills/hermes-lazyown/constants.py": [
      {
        "type": "Secret Keyword",
        "filename": "skills/hermes-lazyown/constants.py",
        "hashed_secret": "665b1e3851eefefa3fb878654292f16597d25155",
        "is_verified": false,
        "line_number": 23
      }
    ],
    "skills/lazyown_mcp.py": [
      {
        "type": "Secret Keyword",
        "filename": "skills/lazyown_mcp.py",
        "hashed_secret": "91204d25c342d32c5d85aebfd011cb3201c3ac58",
        "is_verified": false,
        "line_number": 5272
      }
    ],
    "skills/lazyown_mcp_helpers.py": [
      {
        "type": "Secret Keyword",
        "filename": "skills/lazyown_mcp_helpers.py",
        "hashed_secret": "ad978184ec91304cc0243129d817ced1fc45bca7",
        "is_verified": false,
        "line_number": 538
      }
    ],
    "skills/lazyown_objective.py": [
      {
        "type": "Secret Keyword",
        "filename": "skills/lazyown_objective.py",
        "hashed_secret": "88daefba2be7389bb13311a9c05827965ae87230",
        "is_verified": false,
        "line_number": 346
      }
    ],
    "skills/lazyown_parquet_db.py": [
      {
        "type": "Secret Keyword",
        "filename": "skills/lazyown_parquet_db.py",
        "hashed_secret": "bdfa1c955b84a3ecd137ecf40957d82c9c8e892c",
        "is_verified": false,
        "line_number": 110
      }
    ],
    "skills/tests/test_facts.py": [
      {
        "type": "Secret Keyword",
        "filename": "skills/tests/test_facts.py",
        "hashed_secret": "b2e98ad6f6eb8508dd6a14cfa704bad7f05f6fb1",
        "is_verified": false,
        "line_number": 72
      },
      {
        "type": "Secret Keyword",
        "filename": "skills/tests/test_facts.py",
        "hashed_secret": "9d4e1e23bd5b727046a9e3b4b7db57bd8d6ee684",
        "is_verified": false,
        "line_number": 460
      }
    ],
    "skills/tests/test_objectives.py": [
      {
        "type": "Secret Keyword",
        "filename": "skills/tests/test_objectives.py",
        "hashed_secret": "9d4e1e23bd5b727046a9e3b4b7db57bd8d6ee684",
        "is_verified": false,
        "line_number": 235
      },
      {
        "type": "Secret Keyword",
        "filename": "skills/tests/test_objectives.py",
        "hashed_secret": "6c55803d6f1d7a177a0db3eb4b343b0d50f9c111",
        "is_verified": false,
        "line_number": 311
      }
    ],
    "skills/tests/test_parquet_db.py": [
      {
        "type": "Hex High Entropy String",
        "filename": "skills/tests/test_parquet_db.py",
        "hashed_secret": "0a8e7319f26e6b34edab744487f82d7817dac8d2",
        "is_verified": false,
        "line_number": 220
      },
      {
        "type": "Hex High Entropy String",
        "filename": "skills/tests/test_parquet_db.py",
        "hashed_secret": "95d48052e55fd819280be0b523a1c5d1257a2428",
        "is_verified": false,
        "line_number": 221
      }
    ],
    "slack_c2_bot.py": [
      {
        "type": "Secret Keyword",
        "filename": "slack_c2_bot.py",
        "hashed_secret": "148a34191e9819596564ac2352656cf84a0e5a8e",
        "is_verified": false,
        "line_number": 18
      }
    ],
    "static/js/html2pdf.bundle.min.js": [
      {
        "type": "Base64 High Entropy String",
        "filename": "static/js/html2pdf.bundle.min.js",
        "hashed_secret": "1d278d3c888d1a2fa7eed622bfc02927ce4049af",
        "is_verified": false,
        "line_number": 217
      }
    ],
    "static/js/socket.io-4.0.0.min.js": [
      {
        "type": "Base64 High Entropy String",
        "filename": "static/js/socket.io-4.0.0.min.js",
        "hashed_secret": "3b6f54674b833532cf022b3c742d9a07aa74ea26",
        "is_verified": false,
        "line_number": 6
      }
    ],
    "static/js/socket.io-4.3.2.min.js": [
      {
        "type": "Base64 High Entropy String",
        "filename": "static/js/socket.io-4.3.2.min.js",
        "hashed_secret": "3b6f54674b833532cf022b3c742d9a07aa74ea26",
        "is_verified": false,
        "line_number": 6
      }
    ],
    "templates/graph.html": [
      {
        "type": "Base64 High Entropy String",
        "filename": "templates/graph.html",
        "hashed_secret": "9cd8fe2323a256504972480d2afa8abdc3741775",
        "is_verified": false,
        "line_number": 10
      },
      {
        "type": "Base64 High Entropy String",
        "filename": "templates/graph.html",
        "hashed_secret": "d347762cd7899c498c4b4eef56b970dfe9c2090b",
        "is_verified": false,
        "line_number": 11
      },
      {
        "type": "Base64 High Entropy String",
        "filename": "templates/graph.html",
        "hashed_secret": "50487daeebfb85320d9e06f08a841a8f45e6a80b",
        "is_verified": false,
        "line_number": 23
      },
      {
        "type": "Base64 High Entropy String",
        "filename": "templates/graph.html",
        "hashed_secret": "f60351a872bbfa72d9e24b0e8e4cbe997030ee4a",
        "is_verified": false,
        "line_number": 28
      }
    ],
    "templates/index.html": [
      {
        "type": "Secret Keyword",
        "filename": "templates/index.html",
        "hashed_secret": "9607e31e5abc4471c60d29d8ee921466a1b353d1",
        "is_verified": false,
        "line_number": 1003
      }
    ],
    "templates/search_results.html": [
      {
        "type": "Base64 High Entropy String",
        "filename": "templates/search_results.html",
        "hashed_secret": "8624d42d4f6793f2c556a869c52268c31a71a62d",
        "is_verified": false,
        "line_number": 8281
      },
      {
        "type": "Base64 High Entropy String",
        "filename": "templates/search_results.html",
        "hashed_secret": "b1fc7f229e9910fec5773fcecbaf3bd51f168ae1",
        "is_verified": false,
        "line_number": 8281
      }
    ],
    "templates/surface_live.html": [
      {
        "type": "Base64 High Entropy String",
        "filename": "templates/surface_live.html",
        "hashed_secret": "9cd8fe2323a256504972480d2afa8abdc3741775",
        "is_verified": false,
        "line_number": 19
      },
      {
        "type": "Base64 High Entropy String",
        "filename": "templates/surface_live.html",
        "hashed_secret": "d347762cd7899c498c4b4eef56b970dfe9c2090b",
        "is_verified": false,
        "line_number": 25
      }
    ],
    "test/config.py": [
      {
        "type": "Hex High Entropy String",
        "filename": "test/config.py",
        "hashed_secret": "c421375e0f5b70af5961934f8129d5c9fb6fc6dd",
        "is_verified": false,
        "line_number": 14
      }
    ],
    "test/test_commands.py": [
      {
        "type": "Secret Keyword",
        "filename": "test/test_commands.py",
        "hashed_secret": "489a845adfc08e82b16a283398d1821fd4fa648a",
        "is_verified": false,
        "line_number": 29
      }
    ],
    "tests/test_aes_key_propagation.py": [
      {
        "type": "Hex High Entropy String",
        "filename": "tests/test_aes_key_propagation.py",
        "hashed_secret": "018d2d6ddee73cccdb2aa5ccd17337322b58b553",
        "is_verified": false,
        "line_number": 36
      }
    ],
    "tests/test_cli_command_sets.py": [
      {
        "type": "Secret Keyword",
        "filename": "tests/test_cli_command_sets.py",
        "hashed_secret": "3acfb2c2b433c0ea7ff107e33df91b18e52f960f",
        "is_verified": false,
        "line_number": 205
      }
    ],
    "tests/test_db.py": [
      {
        "type": "Secret Keyword",
        "filename": "tests/test_db.py",
        "hashed_secret": "21bd12dc183f740ee76f27b78eb39c8ad972a757",
        "is_verified": false,
        "line_number": 103
      }
    ],
    "tests/test_fuzzy_picker.py": [
      {
        "type": "Base64 High Entropy String",
        "filename": "tests/test_fuzzy_picker.py",
        "hashed_secret": "03e18ee691133f15fdbcca31ff751d028f2fc73f",
        "is_verified": false,
        "line_number": 234
      }
    ],
    "tests/test_mcp_improvements.py": [
      {
        "type": "Hex High Entropy String",
        "filename": "tests/test_mcp_improvements.py",
        "hashed_secret": "bc4db52dee09e9c3fd09b939e911b35da9c250f4",
        "is_verified": false,
        "line_number": 68
      }
    ],
    "tests/test_moe_router_check_regression.py": [
      {
        "type": "Secret Keyword",
        "filename": "tests/test_moe_router_check_regression.py",
        "hashed_secret": "9139236dfe89960fee34d53b6089795fe376682e",
        "is_verified": false,
        "line_number": 62
      }
    ],
    "users.json": [
      {
        "type": "Secret Keyword",
        "filename": "users.json",
        "hashed_secret": "23b7dc0f62808e341cac87456409586d51e31c0b",
        "is_verified": false,
        "line_number": 5
      },
      {
        "type": "Secret Keyword",
        "filename": "users.json",
        "hashed_secret": "aac9f0e2c99980c011a2869050ad6513610c31d3",
        "is_verified": false,
        "line_number": 16
      },
      {
        "type": "Secret Keyword",
        "filename": "users.json",
        "hashed_secret": "f0cf9415c3e20b8d096582955b4f31dc20860cf4",
        "is_verified": false,
        "line_number": 22
      },
      {
        "type": "Secret Keyword",
        "filename": "users.json",
        "hashed_secret": "361cbe3ae0bc9388b0abea16ff4dd2de45844192",
        "is_verified": false,
        "line_number": 33
      },
      {
        "type": "Secret Keyword",
        "filename": "users.json",
        "hashed_secret": "596c72ff0f5203a9d49b0e2ad4b0a859e5253a79",
        "is_verified": false,
        "line_number": 44
      },
      {
        "type": "Secret Keyword",
        "filename": "users.json",
        "hashed_secret": "cedcc6782c03316ba1c633e8101f3139d638e84c",
        "is_verified": false,
        "line_number": 55
      },
      {
        "type": "Secret Keyword",
        "filename": "users.json",
        "hashed_secret": "d4d4473cb06c260f8032e4309cf5ae3a695348da",
        "is_verified": false,
        "line_number": 66
      },
      {
        "type": "Secret Keyword",
        "filename": "users.json",
        "hashed_secret": "8a6ac31ace149135f762ecf360fb7962af0e95c9",
        "is_verified": false,
        "line_number": 77
      },
      {
        "type": "Secret Keyword",
        "filename": "users.json",
        "hashed_secret": "ddd2c2c5aea45807f1de878f152a66faf0fab450",
        "is_verified": false,
        "line_number": 88
      },
      {
        "type": "Secret Keyword",
        "filename": "users.json",
        "hashed_secret": "db9d077e33a132b482485b75e5c2ebe6191d09ab",
        "is_verified": false,
        "line_number": 99
      },
      {
        "type": "Secret Keyword",
        "filename": "users.json",
        "hashed_secret": "b53dfa5f34c5e490241807877269d5e3b50727c3",
        "is_verified": false,
        "line_number": 110
      },
      {
        "type": "Secret Keyword",
        "filename": "users.json",
        "hashed_secret": "c4ba2e0b6b820dfc943bda1b1d247d135b0cd34b",
        "is_verified": false,
        "line_number": 121
      },
      {
        "type": "Secret Keyword",
        "filename": "users.json",
        "hashed_secret": "a57ccc6271958ce83efab5762b67524c10f6ea69",
        "is_verified": false,
        "line_number": 132
      },
      {
        "type": "Secret Keyword",
        "filename": "users.json",
        "hashed_secret": "10506dc9bbbccf92afac744064a21c82574b6167",
        "is_verified": false,
        "line_number": 143
      },
      {
        "type": "Secret Keyword",
        "filename": "users.json",
        "hashed_secret": "bc67666419aa504c29d536c75f70645805af98c6",
        "is_verified": false,
        "line_number": 154
      },
      {
        "type": "Secret Keyword",
        "filename": "users.json",
        "hashed_secret": "6a2bb0fda8eeda8174e1f5380718d15be38f1460",
        "is_verified": false,
        "line_number": 165
      },
      {
        "type": "Secret Keyword",
        "filename": "users.json",
        "hashed_secret": "40fec893207d61ef949605e1584f2ddbc6233dc7",
        "is_verified": false,
        "line_number": 176
      },
      {
        "type": "Secret Keyword",
        "filename": "users.json",
        "hashed_secret": "e429c436b6c6f51cf2e57f0665ae55e67d42c99c",
        "is_verified": false,
        "line_number": 187
      },
      {
        "type": "Secret Keyword",
        "filename": "users.json",
        "hashed_secret": "35671b5365c9c18da4b0b20b4ecf23dd18c1b5fc",
        "is_verified": false,
        "line_number": 198
      }
    ],
    "utils.py": [
      {
        "type": "Private Key",
        "filename": "utils.py",
        "hashed_secret": "27c6929aef41ae2bcadac15ca6abcaff72cda9cd",
        "is_verified": false,
        "line_number": 1223
      },
      {
        "type": "Private Key",
        "filename": "utils.py",
        "hashed_secret": "be4fc4886bd949b369d5e092eb87494f12e57e5b",
        "is_verified": false,
        "line_number": 1253
      },
      {
        "type": "Secret Keyword",
        "filename": "utils.py",
        "hashed_secret": "d033e22ae348aeb5660fc2140aec35850c4da997",
        "is_verified": false,
        "line_number": 2109
      }
    ]
  },
  "generated_at": "2026-07-19T16:22:44Z"
}
